hooks/useFileOperations.ts(3,1): error TS6192: All imports in import declaration are unused.
